// Jest Snapshot v1, https://goo.gl/fbAQLP

exports[`MainScene6 初期表示 1`] = `
Array [
  Object {
    "children": Array [],
    "props": Object {
      "fov": 60,
      "position": Array [
        0,
        0,
        10,
      ],
    },
    "type": "perspectiveCamera",
  },
  Object {
    "children": Array [
      Object {
        "children": Array [],
        "props": Object {
          "args": Array [
            2,
            2,
            2,
          ],
          "attach": "geometry",
        },
        "type": "boxGeometry",
      },
      Object {
        "children": Array [],
        "props": Object {
          "attach": "material",
          "color": "red",
        },
        "type": "meshBasicMaterial",
      },
    ],
    "props": Object {
      "name": "bigCube",
      "onClick": [Function],
      "onPointerMove": [Function],
    },
    "type": "mesh",
  },
  Object {
    "children": Array [
      Object {
        "children": Array [],
        "props": Object {
          "args": Array [
            0.25,
            32,
            32,
          ],
          "attach": "geometry",
        },
        "type": "sphereGeometry",
      },
      Object {
        "children": Array [],
        "props": Object {
          "attach": "material",
          "color": "white",
        },
        "type": "meshBasicMaterial",
      },
    ],
    "props": Object {
      "onClick": [Function],
      "onPointerDown": [Function],
      "onPointerMove": [Function],
      "onPointerUp": [Function],
      "position": Array [
        0,
        0,
        1,
      ],
    },
    "type": "mesh",
  },
]
`;
